2025-03-03 18:09:00 | WARN | repo=pv243-2015-security-seminar | action=commit
2025-11-23 14:51:00 | INFO | repo=pv243-2015-security-seminar | action=test | passed=true
2025-02-07 21:29:00 | WARN | repo=pv243-2015-security-seminar | action=test | passed=true
2025-09-11 12:40:00 | DEBUG | repo=pv243-2015-security-seminar | action=commit
2025-06-17 13:13:00 | WARN | repo=pv243-2015-security-seminar | action=commit
2025-01-08 08:23:00 | DEBUG | repo=pv243-2015-security-seminar | action=pull
2025-05-19 10:22:00 | DEBUG | repo=pv243-2015-security-seminar | action=edit | files=5
2025-03-08 18:16:00 | DEBUG | repo=pv243-2015-security-seminar | action=edit | files=1
2025-12-19 19:37:00 | WARN | repo=pv243-2015-security-seminar | action=commit
2025-08-21 21:16:00 | DEBUG | repo=pv243-2015-security-seminar | action=pull
2025-06-15 08:44:00 | INFO | repo=pv243-2015-security-seminar | action=test | passed=true
2025-09-03 21:47:00 | INFO | repo=pv243-2015-security-seminar | action=commit
2025-07-01 11:32:00 | WARN | repo=pv243-2015-security-seminar | action=test | passed=true
2025-08-06 11:36:00 | DEBUG | repo=pv243-2015-security-seminar | action=commit
2025-12-26 08:13:00 | WARN | repo=pv243-2015-security-seminar | action=commit
2025-05-15 21:18:00 | DEBUG | repo=pv243-2015-security-seminar | action=edit | files=1
2025-06-19 07:16:00 | INFO | repo=pv243-2015-security-seminar | action=commit
2025-03-14 09:40:00 | INFO | repo=pv243-2015-security-seminar | action=pull
2025-02-24 18:53:00 | WARN | repo=pv243-2015-security-seminar | action=commit
2025-09-07 09:13:00 | WARN | repo=pv243-2015-security-seminar | action=edit | files=2
2025-06-17 13:56:00 | INFO | repo=pv243-2015-security-seminar | action=commit
2025-03-15 08:03:00 | WARN | repo=pv243-2015-security-seminar | action=commit
2025-05-07 16:06:00 | DEBUG | repo=pv243-2015-security-seminar | action=commit
2025-12-03 09:44:00 | WARN | repo=pv243-2015-security-seminar | action=commit
2025-08-01 16:58:00 | INFO | repo=pv243-2015-security-seminar | action=pull
2025-01-06 19:01:00 | DEBUG | repo=pv243-2015-security-seminar | action=commit
2025-02-23 07:10:00 | DEBUG | repo=pv243-2015-security-seminar | action=commit
2025-12-27 21:17:00 | WARN | repo=pv243-2015-security-seminar | action=pull
2025-05-05 13:33:00 | WARN | repo=pv243-2015-security-seminar | action=commit
2025-02-13 08:30:00 | DEBUG | repo=pv243-2015-security-seminar | action=commit
2025-01-03 16:07:00 | INFO | repo=pv243-2015-security-seminar | action=commit
2025-09-15 20:25:00 | WARN | repo=pv243-2015-security-seminar | action=pull
2025-07-06 12:57:00 | DEBUG | repo=pv243-2015-security-seminar | action=commit
2025-04-22 12:21:00 | WARN | repo=pv243-2015-security-seminar | action=commit
2025-05-07 18:12:00 | DEBUG | repo=pv243-2015-security-seminar | action=edit | files=4
2025-10-17 19:51:00 | WARN | repo=pv243-2015-security-seminar | action=edit | files=4
2025-09-27 17:00:00 | WARN | repo=pv243-2015-security-seminar | action=edit | files=1
2025-05-02 20:38:00 | DEBUG | repo=pv243-2015-security-seminar | action=commit
2025-03-07 09:11:00 | DEBUG | repo=pv243-2015-security-seminar | action=commit
2025-03-14 18:51:00 | INFO | repo=pv243-2015-security-seminar | action=edit | files=3
2025-04-26 12:00:00 | INFO | repo=pv243-2015-security-seminar | action=commit
2025-01-07 16:36:00 | WARN | repo=pv243-2015-security-seminar | action=commit
2025-08-01 15:55:00 | INFO | repo=pv243-2015-security-seminar | action=commit
2025-09-12 09:15:00 | DEBUG | repo=pv243-2015-security-seminar | action=commit
2025-07-01 12:04:00 | DEBUG | repo=pv243-2015-security-seminar | action=test | passed=true
2025-06-18 15:36:00 | WARN | repo=pv243-2015-security-seminar | action=commit
2025-09-04 16:13:00 | DEBUG | repo=pv243-2015-security-seminar | action=commit
2025-02-24 12:17:00 | WARN | repo=pv243-2015-security-seminar | action=test | passed=true
2025-04-04 09:14:00 | INFO | repo=pv243-2015-security-seminar | action=test | passed=true
2025-05-09 18:13:00 | INFO | repo=pv243-2015-security-seminar | action=commit
2025-01-05 14:54:00 | WARN | repo=pv243-2015-security-seminar | action=edit | files=2
2025-01-20 07:21:00 | WARN | repo=pv243-2015-security-seminar | action=pull
2025-10-09 07:51:00 | DEBUG | repo=pv243-2015-security-seminar | action=commit
2025-08-14 12:59:00 | INFO | repo=pv243-2015-security-seminar | action=test | passed=true
2025-08-05 14:44:00 | DEBUG | repo=pv243-2015-security-seminar | action=commit
